============================================================
  RedRob Candidate Ranking System
  Input:  ./India_runs_data_and_ai_challenge/candidates.jsonl
  Output: ./submission.csv
  Top-N:  100
============================================================

Loading candidates...
  Loaded 100000 candidates in 7.8s

  [   0.0s] Starting pipeline with 100000 candidates
  [   0.0s] Stage 1: Honeypot detection...
  [   5.9s]   \u2192 Detected 96 honeypots
  [   5.9s] Stage 2: Hard filters...
  [   8.3s]   \u2192 Filtered out 47293 candidates, 52611 remaining
  [   8.3s] Stage 3: Scoring 52611 candidates...
  [  11.9s]   \u2192 Scored 10000/52611
  [  15.8s]   \u2192 Scored 20000/52611
  [  20.3s]   \u2192 Scored 30000/52611
  [  23.9s]   \u2192 Scored 40000/52611
  [  27.4s]   \u2192 Scored 50000/52611
  [  28.3s]   \u2192 Scoring complete
  [  28.3s] Stage 4-5: Ranking and reasoning generation...
  [  28.3s]   \u2192 Top 100 candidates selected
  [  28.3s]   \u2500\u2500\u2500 Top 10 Preview \u2500\u2500\u2500
  [  28.3s]   #  1  CAND_0018499  score=0.9542  Senior Machine Learning Engineer with 7.2 yrs at Zomato (product); with search/r...
  [  28.3s]   #  2  CAND_0011687  score=0.9518  Senior NLP Engineer with 7.8 yrs at Niramai (product); with search/ranking produ...
  [  28.3s]   #  3  CAND_0098217  score=0.9495  ML Engineer with 6.4 yrs at Glance (product); with ML production experience; in ...
  [  28.3s]   #  4  CAND_0016163  score=0.9459  Applied ML Engineer with 6.7 yrs at Dream11 (product); with ML production experi...
  [  28.3s]   #  5  CAND_0081846  score=0.9443  Lead AI Engineer with 6.7 yrs at Razorpay (product); with search/ranking product...
  [  28.3s]   #  6  CAND_0002025  score=0.9417  Senior AI Engineer with 5.9 yrs at Apple (product); with search/ranking producti...
  [  28.3s]   #  7  CAND_0052682  score=0.9386  NLP Engineer with 6.6 yrs at Aganitha (product); with search/ranking production ...
  [  28.3s]   #  8  CAND_0046525  score=0.9378  Senior Machine Learning Engineer with 6.1 yrs at Genpact AI (product); with sear...
  [  28.3s]   #  9  CAND_0071974  score=0.9369  Senior AI Engineer with 7.8 yrs at Netflix (product); with search/ranking produc...
  [  28.3s]   # 10  CAND_0088025  score=0.9326  Staff Machine Learning Engineer with 8.6 yrs at Yellow.ai (product); with search...
  [  28.3s] Pipeline complete in 28.3s

Writing 100 results to ./submission.csv...

============================================================
  SUMMARY
  Total candidates:     100000
  Honeypots detected:   96
  Hard-filtered:        47293
  Scored candidates:    52611
  Output rows:          100
  Total time:           36.2s
  Output file:          ./submission.csv
============================================================

\u2713 Completed within budget (36s / 300s)
